// Jest Snapshot v1, https://goo.gl/fbAQLP

exports[`Header renders correctly 1`] = `
<div>
  <h1
    className="headingStyles"
  />
  <p
    className="subHeadingStyles"
  >
    by KD
  </p>
</div>
`;
